exports[`NullBlock basic 1`] = `
<div>
  Invalid component
</div>
`;
