// Jest Snapshot v1, https://goo.gl/fbAQLP

exports[`DraftailEditor tooltip renderTooltip works 1`] = `"<div><div></div></div><div><div></div></div><div><div><div style=\\"top: 0px; left: 0px;\\" class=\\"RichEditor-tooltip\\" role=\\"tooltip\\"><a href=\\"test\\" target=\\"_blank\\" rel=\\"noopener noreferrer\\" class=\\"RichEditor-tooltip__link\\">test</a><button class=\\"RichEditor-tooltip__button\\">Edit</button><button class=\\"RichEditor-tooltip__button\\">Remove</button></div></div></div>"`;
