exports[`Portal #children 1`] = `null`;

exports[`Portal empty 1`] = `null`;
